MPLINK 5.00, LINKER
Linker Map File - Created Mon Feb 20 16:32:08 2017

                                 Section Info
                  Section       Type    Address   Location Size(Bytes)
                ---------  ---------  ---------  ---------  ---------
                   .org_0       code   0x000000    program   0x00004e
                   .cinit    romdata   0x00004e    program   0x00000e
             .idata_acs_i    romdata   0x00005c    program   0x000001
.config_300000_BUILD/DEFAULT/PRODUCTION/_EXT/14    romdata   0x300000    program   0x000001
.config_300001_BUILD/DEFAULT/PRODUCTION/_EXT/14    romdata   0x300001    program   0x000001
.config_300002_BUILD/DEFAULT/PRODUCTION/_EXT/14    romdata   0x300002    program   0x000001
.config_300003_BUILD/DEFAULT/PRODUCTION/_EXT/14    romdata   0x300003    program   0x000001
.config_300005_BUILD/DEFAULT/PRODUCTION/_EXT/14    romdata   0x300005    program   0x000001
.config_300006_BUILD/DEFAULT/PRODUCTION/_EXT/14    romdata   0x300006    program   0x000001
               .idata_acs      idata   0x000000       data   0x000001



                              Program Memory Usage 
                               Start         End      
                           ---------   ---------      
                            0x000000    0x00005c      
                            0x300000    0x300003      
                            0x300005    0x300006      
            99 out of 33048 program addresses used, program memory utilization is 0%



                              Symbols - Sorted by Name
                     Name    Address   Location    Storage File                     
                ---------  ---------  ---------  --------- ---------                
                     main   0x000004    program     static ..\main.asm              
                  main_c1   0x000022    program     static ..\main.asm              
                  main_c2   0x000028    program     static ..\main.asm              
                  main_c3   0x00002e    program     static ..\main.asm              
                  main_e1   0x000032    program     static ..\main.asm              
                  main_l1   0x000010    program     static ..\main.asm              
                  main_l2   0x00003c    program     static ..\main.asm              
                  reset_v   0x000000    program     static ..\main.asm              
           task_clear_led   0x00004a    program     static ..\main.asm              
             task_set_led   0x000044    program     static ..\main.asm              
          task_toggle_led   0x000040    program     static ..\main.asm              
                    state   0x000000       data     static ..\main.asm              



                              Symbols - Sorted by Address
                     Name    Address   Location    Storage File                     
                ---------  ---------  ---------  --------- ---------                
                  reset_v   0x000000    program     static ..\main.asm              
                     main   0x000004    program     static ..\main.asm              
                  main_l1   0x000010    program     static ..\main.asm              
                  main_c1   0x000022    program     static ..\main.asm              
                  main_c2   0x000028    program     static ..\main.asm              
                  main_c3   0x00002e    program     static ..\main.asm              
                  main_e1   0x000032    program     static ..\main.asm              
                  main_l2   0x00003c    program     static ..\main.asm              
          task_toggle_led   0x000040    program     static ..\main.asm              
             task_set_led   0x000044    program     static ..\main.asm              
           task_clear_led   0x00004a    program     static ..\main.asm              
                    state   0x000000       data     static ..\main.asm              


